#-----------------------------------------------------------
# Vivado v2022.2 (64-bit)
# SW Build 3671981 on Fri Oct 14 04:59:54 MDT 2022
# IP Build 3669848 on Fri Oct 14 08:30:02 MDT 2022
# Start of session at: Wed May 29 14:50:27 2024
# Process ID: 85295
# Current directory: /home/rosario/Documents/CR/cr-hardware-acceleration/hardwareAcceleration/hardwareAcceleration.tmp/ConvolutionCop_v1_0_project/ConvolutionCop_v1_0_project.runs/impl_1
# Command line: vivado -log ConvolutionCop_v1_0.vdi -applog -product Vivado -messageDb vivado.pb -mode batch -source ConvolutionCop_v1_0.tcl -notrace
# Log file: /home/rosario/Documents/CR/cr-hardware-acceleration/hardwareAcceleration/hardwareAcceleration.tmp/ConvolutionCop_v1_0_project/ConvolutionCop_v1_0_project.runs/impl_1/ConvolutionCop_v1_0.vdi
# Journal file: /home/rosario/Documents/CR/cr-hardware-acceleration/hardwareAcceleration/hardwareAcceleration.tmp/ConvolutionCop_v1_0_project/ConvolutionCop_v1_0_project.runs/impl_1/vivado.jou
# Running On: fedora, OS: Linux, CPU Frequency: 1579.815 MHz, CPU Physical cores: 4, Host memory: 8233 MB
#-----------------------------------------------------------
source ConvolutionCop_v1_0.tcl -notrace
